; MSX-DOS2 page-3 entries.
BDOS_STACK	SAV_USER	PUT_KERNEL	PUT_USER
KDSK_VECT	KAB_VECT

BOOT_DRV

; MSX-DOS2 page-0 TPA entries.
LOAD_FLAG

; MSX-DOS1 compatible page-3 entries.
BREAKVECT	DISKVECT	NOTFIRST	$DOSOFF

; Well defined MSX-DOS2 page-0 kernel entries.
KCONST		KCONIN		KCONOUT
KLIST		KPUNCH		KREADER		KLISTST

